
EnvironmentNameNotFound: Could not find conda environment: FR0cat
You can list all discoverable environments with `conda info --envs`.


mkdir -p failed for path /home/samuel.bernardo/.config/matplotlib: [Errno 13] Permission denied: '/home/samuel.bernardo'
Matplotlib created a temporary cache directory at /tmp/matplotlib-6agocgiw because there was an issue with the default path (/home/samuel.bernardo/.config/matplotlib); it is highly recommended to set the MPLCONFIGDIR environment variable to a writable directory, in particular to speed up the import of Matplotlib and to better support multiprocessing.
Traceback (most recent call last):
  File "/scratch/users/samuel.bernardo/FR0cat/Iron/iron.py", line 886, in <module>
    resultados = run_pipeline(source_file, output_dir)
  File "/scratch/users/samuel.bernardo/FR0cat/Iron/iron.py", line 815, in run_pipeline
    eps_data_MeV, fe56_channels = load_talys_iron_channels(data_dir=talys_dir)
  File "/scratch/users/samuel.bernardo/FR0cat/Iron/iron.py", line 549, in load_talys_iron_channels
    eps_data_MeV = np.loadtxt(eps_path)
  File "/scripts/samuel.bernardo/.conda/envs/FR0cat/lib/python3.10/site-packages/numpy/lib/_npyio_impl.py", line 1395, in loadtxt
    arr = _read(fname, dtype=dtype, comment=comment, delimiter=delimiter,
  File "/scripts/samuel.bernardo/.conda/envs/FR0cat/lib/python3.10/site-packages/numpy/lib/_npyio_impl.py", line 1022, in _read
    fh = np.lib._datasource.open(fname, 'rt', encoding=encoding)
  File "/scripts/samuel.bernardo/.conda/envs/FR0cat/lib/python3.10/site-packages/numpy/lib/_datasource.py", line 192, in open
    return ds.open(path, mode, encoding=encoding, newline=newline)
  File "/scripts/samuel.bernardo/.conda/envs/FR0cat/lib/python3.10/site-packages/numpy/lib/_datasource.py", line 529, in open
    raise FileNotFoundError(f"{path} not found.")
FileNotFoundError: ./eps.txt not found.
